test_bug_001_recover_requires_status_whitelist (test_regression.TestBug001.test_bug_001_recover_requires_status_whitelist)
[BUG-001][Req: REQ-002] recover branch must conjunct status set. ... expected failure
test_bug_002_cloud_archive_detects_concurrent_version (test_regression.TestBug002.test_bug_002_cloud_archive_detects_concurrent_version)
[BUG-002][Req: REQ-004] compare live current VersionId before hide. ... expected failure
test_bug_004_csrf_honors_session_version (test_regression.TestBug004.test_bug_004_csrf_honors_session_version)
[BUG-004][Req: REQ-008] force-logout must invalidate CSRF lookup. ... expected failure
test_bug_005_readme_users_owner_only_free_space (test_regression.TestBug005.test_bug_005_readme_users_owner_only_free_space)
[BUG-005][Req: REQ-003] Users section must match owner-only free-space. ... expected failure
test_bug_006_startup_preserves_free_space_claims (test_regression.TestBug006.test_bug_006_startup_preserves_free_space_claims)
[BUG-006][Req: REQ-009] cleanup claims must survive startup reconciliation. ... expected failure
test_bug_007_windows_compare_as_times_not_strings (test_regression.TestBug007.test_bug_007_windows_compare_as_times_not_strings)
[BUG-007][Req: REQ-012] non-padded inverted windows must be rejected. ... expected failure
test_bug_008_cloud_record_reuses_identity_before_create (test_regression.TestBug008.test_bug_008_cloud_record_reuses_identity_before_create)
[BUG-008][Req: REQ-020] Path History identity survives cloud rediscovery. ... expected failure
test_bug_009_rename_audit_passes_connection (test_regression.TestBug009.test_bug_009_rename_audit_passes_connection)
[BUG-009][Req: REQ-021] Path History mutations must durable-audit. ... expected failure
test_bug_010_configured_store_failure_raises (test_regression.TestBug010.test_bug_010_configured_store_failure_raises)
[BUG-010][Req: REQ-022] configured bucket client errors fail closed. ... expected failure
test_bug_011_oidc_rejects_cross_account_switch (test_regression.TestBug011.test_bug_011_oidc_rejects_cross_account_switch)
[BUG-011][Req: REQ-023] active Session must not be replaced by foreign identity. ... expected failure
test_bug_012_recover_refuses_existing_destination (test_regression.TestBug012.test_bug_012_recover_refuses_existing_destination)
[BUG-012][Req: REQ-024] do not Path.replace over an existing file. ... expected failure
test_bug_013_crypt_download_uses_object_key (test_regression.TestBug013.test_bug_013_crypt_download_uses_object_key)
[BUG-013][Req: REQ-025] crypt rclone path derives from object_key. ... expected failure
test_bug_014_active_change_bumps_session_version (test_regression.TestBug014.test_bug_014_active_change_bumps_session_version)
[BUG-014][Req: REQ-026] deactivate/reactivate invalidates Sessions. ... expected failure
test_bug_015_recover_uses_active_price_book (test_regression.TestBug015.test_bug_015_recover_uses_active_price_book)
[BUG-015][Req: REQ-027] worker estimate matches recover/estimate book. ... expected failure

----------------------------------------------------------------------
Ran 14 tests in 0.557s

OK (expected failures=14)
